// Vitest Snapshot v1, https://vitest.dev/guide/snapshot.html

exports[`Simple WebService example > Snapshot 1`] = `
[
  {
    "apiVersion": "v1",
    "kind": "Service",
    "metadata": {
      "annotations": {
        "talis.io/chat": "https://example.slack.com/archives/ABCDEF123",
        "talis.io/description": "Simple web service",
        "talis.io/graphs": "https://example.io/grafana",
        "talis.io/issues": "https://github.com/talis/talis-cdk8s-constructs/issues",
        "talis.io/logs": "https://example.io/loki",
        "talis.io/repository": "https://github.com/talis/talis-cdk8s-constructs",
        "talis.io/runbook": "https://example.io/wiki/runbook",
        "talis.io/uptime": "https://example.io/uptime",
        "talis.io/url": "https://api.example.com/",
      },
      "labels": {
        "instance": "web",
        "release": "0.0.1",
        "role": "server",
      },
      "name": "test-web-web-service-c828a686",
    },
    "spec": {
      "ports": [
        {
          "port": 3000,
          "protocol": "TCP",
          "targetPort": 3000,
        },
      ],
      "selector": {
        "instance": "web",
        "role": "server",
      },
      "type": "NodePort",
    },
  },
  {
    "apiVersion": "networking.k8s.io/v1",
    "kind": "Ingress",
    "metadata": {
      "annotations": {
        "alb.ingress.kubernetes.io/actions.server-status-rule": "{"type":"fixed-response","fixedResponseConfig":{"statusCode":"404","contentType":"text/plain","messageBody":"404: Not Found"}}",
        "alb.ingress.kubernetes.io/listen-ports": "[{"HTTP":80},{"HTTPS":443}]",
        "alb.ingress.kubernetes.io/load-balancer-attributes": "idle_timeout.timeout_seconds=60",
        "alb.ingress.kubernetes.io/load-balancer-name": "web-develop",
        "alb.ingress.kubernetes.io/ssl-policy": "ELBSecurityPolicy-TLS-1-2-2017-01",
        "alb.ingress.kubernetes.io/success-codes": "200,303",
        "alb.ingress.kubernetes.io/tags": "instance=web",
        "alb.ingress.kubernetes.io/target-type": "instance",
      },
      "labels": {
        "instance": "web",
        "release": "0.0.1",
        "role": "server",
      },
      "name": "test-web-web-ingress-c8ed2b8e",
    },
    "spec": {
      "defaultBackend": {
        "service": {
          "name": "test-web-web-service-c828a686",
          "port": {
            "number": 3000,
          },
        },
      },
      "ingressClassName": "aws-load-balancer-internet-facing",
      "rules": [
        {
          "http": {
            "paths": [
              {
                "backend": {
                  "service": {
                    "name": "server-status-rule",
                    "port": {
                      "name": "use-annotation",
                    },
                  },
                },
                "path": "/server-status",
                "pathType": "Prefix",
              },
            ],
          },
        },
      ],
      "tls": [
        {
          "hosts": [
            "*.example.com",
          ],
        },
      ],
    },
  },
  {
    "apiVersion": "apps/v1",
    "kind": "Deployment",
    "metadata": {
      "labels": {
        "instance": "web",
        "release": "0.0.1",
        "role": "server",
      },
      "name": "test-web-c883b2c8",
    },
    "spec": {
      "replicas": 2,
      "revisionHistoryLimit": 1,
      "selector": {
        "matchLabels": {
          "instance": "web",
          "role": "server",
        },
      },
      "template": {
        "metadata": {
          "labels": {
            "instance": "web",
            "release": "0.0.1",
            "role": "server",
          },
        },
        "spec": {
          "affinity": {
            "podAntiAffinity": {
              "preferredDuringSchedulingIgnoredDuringExecution": [
                {
                  "podAffinityTerm": {
                    "labelSelector": {
                      "matchLabels": {
                        "instance": "web",
                        "role": "server",
                      },
                    },
                    "topologyKey": "topology.kubernetes.io/zone",
                  },
                  "weight": 100,
                },
              ],
            },
          },
          "automountServiceAccountToken": false,
          "containers": [
            {
              "image": "docker.io/bitnami/node-example:0.0.1",
              "imagePullPolicy": "IfNotPresent",
              "name": "app",
              "ports": [
                {
                  "containerPort": 3000,
                  "protocol": "TCP",
                },
              ],
              "resources": {
                "requests": {
                  "cpu": "50m",
                  "memory": "100Mi",
                },
              },
            },
          ],
          "priorityClassName": "web",
        },
      },
    },
  },
  {
    "apiVersion": "policy/v1",
    "kind": "PodDisruptionBudget",
    "metadata": {
      "labels": {
        "instance": "web",
        "role": "server",
      },
      "name": "test-web-web-pdb-c86ae522",
    },
    "spec": {
      "minAvailable": 1,
      "selector": {
        "matchLabels": {
          "instance": "web",
          "role": "server",
        },
      },
    },
  },
]
`;
